Archive member included because of file (symbol)

c:/users/mariem/bin/../lib/gcc/avr/4.3.3/avr5\libgcc.a(_exit.o)
                              c:/users/mariem/bin/../lib/gcc/avr/4.3.3/../../../../avr/lib/avr5/crtm32.o (exit)
c:/users/mariem/bin/../lib/gcc/avr/4.3.3/avr5\libgcc.a(_copy_data.o)
                              MCAL\EXTI\EXTI_config.o (__do_copy_data)
c:/users/mariem/bin/../lib/gcc/avr/4.3.3/avr5\libgcc.a(_clear_bss.o)
                              MCAL\ADC\ADC_prog.o (__do_clear_bss)

Memory Configuration

Name             Origin             Length             Attributes
text             0x00000000         0x00020000         xr
data             0x00800060         0x0000ffa0         rw !x
eeprom           0x00810000         0x00010000         rw !x
fuse             0x00820000         0x00000400         rw !x
lock             0x00830000         0x00000400         rw !x
signature        0x00840000         0x00000400         rw !x
*default*        0x00000000         0xffffffff

Linker script and memory map

LOAD c:/users/mariem/bin/../lib/gcc/avr/4.3.3/../../../../avr/lib/avr5/crtm32.o
LOAD APP\main.o
LOAD MCAL\ADC\ADC_prog.o
LOAD MCAL\DIO\DIO_prog.o
LOAD MCAL\EXTI\EXTI_config.o
LOAD MCAL\EXTI\EXTI_prog.o
LOAD MCAL\GIE\GIE_prog.o
LOAD c:/users/mariem/bin/../lib/gcc/avr/4.3.3/avr5\libgcc.a
LOAD c:/users/mariem/bin/../lib/gcc/avr/4.3.3/../../../../avr/lib/avr5\libc.a
LOAD c:/users/mariem/bin/../lib/gcc/avr/4.3.3/avr5\libgcc.a

.hash
 *(.hash)

.dynsym
 *(.dynsym)

.dynstr
 *(.dynstr)

.gnu.version
 *(.gnu.version)

.gnu.version_d
 *(.gnu.version_d)

.gnu.version_r
 *(.gnu.version_r)

.rel.init
 *(.rel.init)

.rela.init
 *(.rela.init)

.rel.text
 *(.rel.text)
 *(.rel.text.*)
 *(.rel.gnu.linkonce.t*)

.rela.text
 *(.rela.text)
 *(.rela.text.*)
 *(.rela.gnu.linkonce.t*)

.rel.fini
 *(.rel.fini)

.rela.fini
 *(.rela.fini)

.rel.rodata
 *(.rel.rodata)
 *(.rel.rodata.*)
 *(.rel.gnu.linkonce.r*)

.rela.rodata
 *(.rela.rodata)
 *(.rela.rodata.*)
 *(.rela.gnu.linkonce.r*)

.rel.data
 *(.rel.data)
 *(.rel.data.*)
 *(.rel.gnu.linkonce.d*)

.rela.data
 *(.rela.data)
 *(.rela.data.*)
 *(.rela.gnu.linkonce.d*)

.rel.ctors
 *(.rel.ctors)

.rela.ctors
 *(.rela.ctors)

.rel.dtors
 *(.rel.dtors)

.rela.dtors
 *(.rela.dtors)

.rel.got
 *(.rel.got)

.rela.got
 *(.rela.got)

.rel.bss
 *(.rel.bss)

.rela.bss
 *(.rela.bss)

.rel.plt
 *(.rel.plt)

.rela.plt
 *(.rela.plt)

.text           0x00000000     0x1498
 *(.vectors)
 .vectors       0x00000000       0x54 c:/users/mariem/bin/../lib/gcc/avr/4.3.3/../../../../avr/lib/avr5/crtm32.o
                0x00000000                __vectors
                0x00000000                __vector_default
 *(.vectors)
 *(.progmem.gcc*)
 *(.progmem*)
                0x00000054                . = ALIGN (0x2)
                0x00000054                __trampolines_start = .
 *(.trampolines)
 .trampolines   0x00000054        0x0 linker stubs
 *(.trampolines*)
                0x00000054                __trampolines_end = .
 *(.jumptables)
 *(.jumptables*)
 *(.lowtext)
 *(.lowtext*)
                0x00000054                __ctors_start = .
 *(.ctors)
                0x00000054                __ctors_end = .
                0x00000054                __dtors_start = .
 *(.dtors)
                0x00000054                __dtors_end = .
 SORT(*)(.ctors)
 SORT(*)(.dtors)
 *(.init0)
 .init0         0x00000054        0x0 c:/users/mariem/bin/../lib/gcc/avr/4.3.3/../../../../avr/lib/avr5/crtm32.o
                0x00000054                __init
 *(.init0)
 *(.init1)
 *(.init1)
 *(.init2)
 .init2         0x00000054        0xc c:/users/mariem/bin/../lib/gcc/avr/4.3.3/../../../../avr/lib/avr5/crtm32.o
 *(.init2)
 *(.init3)
 *(.init3)
 *(.init4)
 .init4         0x00000060       0x16 c:/users/mariem/bin/../lib/gcc/avr/4.3.3/avr5\libgcc.a(_copy_data.o)
                0x00000060                __do_copy_data
 .init4         0x00000076       0x10 c:/users/mariem/bin/../lib/gcc/avr/4.3.3/avr5\libgcc.a(_clear_bss.o)
                0x00000076                __do_clear_bss
 *(.init4)
 *(.init5)
 *(.init5)
 *(.init6)
 *(.init6)
 *(.init7)
 *(.init7)
 *(.init8)
 *(.init8)
 *(.init9)
 .init9         0x00000086        0x8 c:/users/mariem/bin/../lib/gcc/avr/4.3.3/../../../../avr/lib/avr5/crtm32.o
 *(.init9)
 *(.text)
 .text          0x0000008e        0x4 c:/users/mariem/bin/../lib/gcc/avr/4.3.3/../../../../avr/lib/avr5/crtm32.o
                0x0000008e                __vector_12
                0x0000008e                __bad_interrupt
                0x0000008e                __vector_6
                0x0000008e                __vector_11
                0x0000008e                __vector_13
                0x0000008e                __vector_17
                0x0000008e                __vector_19
                0x0000008e                __vector_7
                0x0000008e                __vector_5
                0x0000008e                __vector_4
                0x0000008e                __vector_9
                0x0000008e                __vector_15
                0x0000008e                __vector_8
                0x0000008e                __vector_14
                0x0000008e                __vector_10
                0x0000008e                __vector_18
                0x0000008e                __vector_20
 .text          0x00000092        0x0 APP\main.o
 .text          0x00000092        0x0 MCAL\ADC\ADC_prog.o
 .text          0x00000092        0x0 MCAL\DIO\DIO_prog.o
 .text          0x00000092        0x0 MCAL\EXTI\EXTI_config.o
 .text          0x00000092        0x0 MCAL\EXTI\EXTI_prog.o
 .text          0x00000092        0x0 MCAL\GIE\GIE_prog.o
 .text          0x00000092        0x0 c:/users/mariem/bin/../lib/gcc/avr/4.3.3/avr5\libgcc.a(_exit.o)
 .text          0x00000092        0x0 c:/users/mariem/bin/../lib/gcc/avr/4.3.3/avr5\libgcc.a(_copy_data.o)
 .text          0x00000092        0x0 c:/users/mariem/bin/../lib/gcc/avr/4.3.3/avr5\libgcc.a(_clear_bss.o)
                0x00000092                . = ALIGN (0x2)
 *(.text.*)
 .text.read     0x00000092       0x20 APP\main.o
                0x00000092                read
 .text.main     0x000000b2       0x80 APP\main.o
                0x000000b2                main
 .text.ADC_enuInit
                0x00000132       0x5e MCAL\ADC\ADC_prog.o
                0x00000132                ADC_enuInit
 .text.ADC_enuStartConversion
                0x00000190       0x26 MCAL\ADC\ADC_prog.o
                0x00000190                ADC_enuStartConversion
 .text.ADC_enuPollingSystem
                0x000001b6       0x3c MCAL\ADC\ADC_prog.o
                0x000001b6                ADC_enuPollingSystem
 .text.ADC_enuReadHighValue
                0x000001f2       0x5e MCAL\ADC\ADC_prog.o
                0x000001f2                ADC_enuReadHighValue
 .text.ADC_enuReadValue
                0x00000250       0x56 MCAL\ADC\ADC_prog.o
                0x00000250                ADC_enuReadValue
 .text.ADC_enuCallBack
                0x000002a6       0x52 MCAL\ADC\ADC_prog.o
                0x000002a6                ADC_enuCallBack
 .text.ADC_enuSelectChannel
                0x000002f8       0x3a MCAL\ADC\ADC_prog.o
                0x000002f8                ADC_enuSelectChannel
 .text.ADC_enuEnableTriggerMode
                0x00000332       0xb4 MCAL\ADC\ADC_prog.o
                0x00000332                ADC_enuEnableTriggerMode
 .text.ADC_enuDisbleTriggerMode
                0x000003e6       0x26 MCAL\ADC\ADC_prog.o
                0x000003e6                ADC_enuDisbleTriggerMode
 .text.ADC_enuEnableADC
                0x0000040c       0x26 MCAL\ADC\ADC_prog.o
                0x0000040c                ADC_enuEnableADC
 .text.ADC_enuDisableADC
                0x00000432       0x26 MCAL\ADC\ADC_prog.o
                0x00000432                ADC_enuDisableADC
 .text.ADC_enuEnableInntruptMode
                0x00000458       0x26 MCAL\ADC\ADC_prog.o
                0x00000458                ADC_enuEnableInntruptMode
 .text.ADC_enuDisableInntruptMode
                0x0000047e       0x26 MCAL\ADC\ADC_prog.o
                0x0000047e                ADC_enuDisableInntruptMode
 .text.__vector_16
                0x000004a4       0x6e MCAL\ADC\ADC_prog.o
                0x000004a4                __vector_16
 .text.DIO_enuInit
                0x00000512       0x58 MCAL\DIO\DIO_prog.o
                0x00000512                DIO_enuInit
 .text.enuSetPortDirection
                0x0000056a       0x9a MCAL\DIO\DIO_prog.o
                0x0000056a                enuSetPortDirection
 .text.enuSetPortValue
                0x00000604       0x9a MCAL\DIO\DIO_prog.o
                0x00000604                enuSetPortValue
 .text.enuSetTogPort
                0x0000069e       0xae MCAL\DIO\DIO_prog.o
                0x0000069e                enuSetTogPort
 .text.enuGetPortValue
                0x0000074c       0xbe MCAL\DIO\DIO_prog.o
                0x0000074c                enuGetPortValue
 .text.enuSetPinDirection
                0x0000080a      0x1d8 MCAL\DIO\DIO_prog.o
                0x0000080a                enuSetPinDirection
 .text.enuSetPinValue
                0x000009e2      0x1d8 MCAL\DIO\DIO_prog.o
                0x000009e2                enuSetPinValue
 .text.enuSetTogPin
                0x00000bba      0x11c MCAL\DIO\DIO_prog.o
                0x00000bba                enuSetTogPin
 .text.enuGetPinValue
                0x00000cd6      0x13c MCAL\DIO\DIO_prog.o
                0x00000cd6                enuGetPinValue
 .text.EXTI_enuinit
                0x00000e12      0x24e MCAL\EXTI\EXTI_prog.o
                0x00000e12                EXTI_enuinit
 .text.EXTI_enuSetSenceMOde
                0x00001060      0x16c MCAL\EXTI\EXTI_prog.o
                0x00001060                EXTI_enuSetSenceMOde
 .text.EXTI_enuEnableINT
                0x000011cc       0x62 MCAL\EXTI\EXTI_prog.o
                0x000011cc                EXTI_enuEnableINT
 .text.EXTI_enuDisableINT
                0x0000122e       0x62 MCAL\EXTI\EXTI_prog.o
                0x0000122e                EXTI_enuDisableINT
 .text.EXTI_enuCallBack
                0x00001290       0x6e MCAL\EXTI\EXTI_prog.o
                0x00001290                EXTI_enuCallBack
 .text.__vector_1
                0x000012fe       0x6e MCAL\EXTI\EXTI_prog.o
                0x000012fe                __vector_1
 .text.__vector_2
                0x0000136c       0x6e MCAL\EXTI\EXTI_prog.o
                0x0000136c                __vector_2
 .text.__vector_3
                0x000013da       0x6e MCAL\EXTI\EXTI_prog.o
                0x000013da                __vector_3
 .text.GIE_enuEnable
                0x00001448       0x26 MCAL\GIE\GIE_prog.o
                0x00001448                GIE_enuEnable
 .text.GIE_enuDiable
                0x0000146e       0x26 MCAL\GIE\GIE_prog.o
                0x0000146e                GIE_enuDiable
 .text.libgcc   0x00001494        0x0 c:/users/mariem/bin/../lib/gcc/avr/4.3.3/avr5\libgcc.a(_exit.o)
 .text.libgcc   0x00001494        0x0 c:/users/mariem/bin/../lib/gcc/avr/4.3.3/avr5\libgcc.a(_copy_data.o)
 .text.libgcc   0x00001494        0x0 c:/users/mariem/bin/../lib/gcc/avr/4.3.3/avr5\libgcc.a(_clear_bss.o)
                0x00001494                . = ALIGN (0x2)
 *(.fini9)
 .fini9         0x00001494        0x0 c:/users/mariem/bin/../lib/gcc/avr/4.3.3/avr5\libgcc.a(_exit.o)
                0x00001494                exit
                0x00001494                _exit
 *(.fini9)
 *(.fini8)
 *(.fini8)
 *(.fini7)
 *(.fini7)
 *(.fini6)
 *(.fini6)
 *(.fini5)
 *(.fini5)
 *(.fini4)
 *(.fini4)
 *(.fini3)
 *(.fini3)
 *(.fini2)
 *(.fini2)
 *(.fini1)
 *(.fini1)
 *(.fini0)
 .fini0         0x00001494        0x4 c:/users/mariem/bin/../lib/gcc/avr/4.3.3/avr5\libgcc.a(_exit.o)
 *(.fini0)
                0x00001498                _etext = .

.data           0x00800060        0x6 load address 0x00001498
                0x00800060                PROVIDE (__data_start, .)
 *(.data)
 .data          0x00800060        0x0 c:/users/mariem/bin/../lib/gcc/avr/4.3.3/../../../../avr/lib/avr5/crtm32.o
 .data          0x00800060        0x0 APP\main.o
 .data          0x00800060        0x0 MCAL\ADC\ADC_prog.o
 .data          0x00800060        0x0 MCAL\DIO\DIO_prog.o
 .data          0x00800060        0x0 MCAL\EXTI\EXTI_config.o
 .data          0x00800060        0x0 MCAL\EXTI\EXTI_prog.o
 .data          0x00800060        0x0 MCAL\GIE\GIE_prog.o
 .data          0x00800060        0x0 c:/users/mariem/bin/../lib/gcc/avr/4.3.3/avr5\libgcc.a(_exit.o)
 .data          0x00800060        0x0 c:/users/mariem/bin/../lib/gcc/avr/4.3.3/avr5\libgcc.a(_copy_data.o)
 .data          0x00800060        0x0 c:/users/mariem/bin/../lib/gcc/avr/4.3.3/avr5\libgcc.a(_clear_bss.o)
 *(.data*)
 .data.EXTI_AstrEXTIConfig
                0x00800060        0x6 MCAL\EXTI\EXTI_config.o
                0x00800060                EXTI_AstrEXTIConfig
 *(.rodata)
 *(.rodata*)
 *(.gnu.linkonce.d*)
                0x00800066                . = ALIGN (0x2)
                0x00800066                _edata = .
                0x00800066                PROVIDE (__data_end, .)

.bss            0x00800066       0x10
                0x00800066                PROVIDE (__bss_start, .)
 *(.bss)
 .bss           0x00800066        0x0 c:/users/mariem/bin/../lib/gcc/avr/4.3.3/../../../../avr/lib/avr5/crtm32.o
 .bss           0x00800066        0x0 APP\main.o
 .bss           0x00800066        0x0 MCAL\ADC\ADC_prog.o
 .bss           0x00800066        0x0 MCAL\DIO\DIO_prog.o
 .bss           0x00800066        0x0 MCAL\EXTI\EXTI_config.o
 .bss           0x00800066        0x0 MCAL\EXTI\EXTI_prog.o
 .bss           0x00800066        0x0 MCAL\GIE\GIE_prog.o
 .bss           0x00800066        0x0 c:/users/mariem/bin/../lib/gcc/avr/4.3.3/avr5\libgcc.a(_exit.o)
 .bss           0x00800066        0x0 c:/users/mariem/bin/../lib/gcc/avr/4.3.3/avr5\libgcc.a(_copy_data.o)
 .bss           0x00800066        0x0 c:/users/mariem/bin/../lib/gcc/avr/4.3.3/avr5\libgcc.a(_clear_bss.o)
 *(.bss*)
 .bss.ADC_pfunISRFUN
                0x00800066        0x2 MCAL\ADC\ADC_prog.o
 .bss.ADC_pvidISRPARAMETER
                0x00800068        0x2 MCAL\ADC\ADC_prog.o
 .bss.EXTI_ApfunINTFUN
                0x0080006a        0x6 MCAL\EXTI\EXTI_prog.o
 .bss.EXTI_ApfunGenaricparameter
                0x00800070        0x6 MCAL\EXTI\EXTI_prog.o
                0x00800070                EXTI_ApfunGenaricparameter
 *(COMMON)
                0x00800076                PROVIDE (__bss_end, .)
                0x00001498                __data_load_start = LOADADDR (.data)
                0x0000149e                __data_load_end = (__data_load_start + SIZEOF (.data))

.noinit         0x00800076        0x0
                0x00800076                PROVIDE (__noinit_start, .)
 *(.noinit*)
                0x00800076                PROVIDE (__noinit_end, .)
                0x00800076                _end = .
                0x00800076                PROVIDE (__heap_start, .)

.eeprom         0x00810000        0x0
 *(.eeprom*)
                0x00810000                __eeprom_end = .

.fuse
 *(.fuse)
 *(.lfuse)
 *(.hfuse)
 *(.efuse)

.lock
 *(.lock*)

.signature
 *(.signature*)

.stab           0x00000000     0x2298
 *(.stab)
 .stab          0x00000000      0x348 APP\main.o
 .stab          0x00000348      0x8ac MCAL\ADC\ADC_prog.o
                                0x8b8 (size before relaxing)
 .stab          0x00000bf4      0xb4c MCAL\DIO\DIO_prog.o
                                0xb58 (size before relaxing)
 .stab          0x00001740      0x1e0 MCAL\EXTI\EXTI_config.o
                                0x1ec (size before relaxing)
 .stab          0x00001920      0x6f0 MCAL\EXTI\EXTI_prog.o
                                0x7d4 (size before relaxing)
 .stab          0x00002010      0x288 MCAL\GIE\GIE_prog.o
                                0x294 (size before relaxing)

.stabstr        0x00000000     0x112d
 *(.stabstr)
 .stabstr       0x00000000     0x112d APP\main.o

.stab.excl
 *(.stab.excl)

.stab.exclstr
 *(.stab.exclstr)

.stab.index
 *(.stab.index)

.stab.indexstr
 *(.stab.indexstr)

.comment
 *(.comment)

.debug
 *(.debug)

.line
 *(.line)

.debug_srcinfo
 *(.debug_srcinfo)

.debug_sfnames
 *(.debug_sfnames)

.debug_aranges
 *(.debug_aranges)

.debug_pubnames
 *(.debug_pubnames)

.debug_info
 *(.debug_info)
 *(.gnu.linkonce.wi.*)

.debug_abbrev
 *(.debug_abbrev)

.debug_line
 *(.debug_line)

.debug_frame
 *(.debug_frame)

.debug_str
 *(.debug_str)

.debug_loc
 *(.debug_loc)

.debug_macinfo
 *(.debug_macinfo)
OUTPUT(ADC.elf elf32-avr)
LOAD linker stubs
