Archive member included because of file (symbol)

c:/users/mariem/bin/../lib/gcc/avr/4.3.3/avr5\libgcc.a(_exit.o)
                              c:/users/mariem/bin/../lib/gcc/avr/4.3.3/../../../../avr/lib/avr5/crtm32.o (exit)
c:/users/mariem/bin/../lib/gcc/avr/4.3.3/avr5\libgcc.a(_copy_data.o)
                              APP\main.o (__do_copy_data)
c:/users/mariem/bin/../lib/gcc/avr/4.3.3/../../../../avr/lib/avr5\libc.a(strcmp.o)
                              APP\main.o (strcmp)

Memory Configuration

Name             Origin             Length             Attributes
text             0x00000000         0x00020000         xr
data             0x00800060         0x0000ffa0         rw !x
eeprom           0x00810000         0x00010000         rw !x
fuse             0x00820000         0x00000400         rw !x
lock             0x00830000         0x00000400         rw !x
signature        0x00840000         0x00000400         rw !x
*default*        0x00000000         0xffffffff

Linker script and memory map

LOAD c:/users/mariem/bin/../lib/gcc/avr/4.3.3/../../../../avr/lib/avr5/crtm32.o
LOAD APP\main.o
LOAD MCAL\DIO\DIO_prog.o
LOAD MCAL\USART\USART_prog.o
LOAD c:/users/mariem/bin/../lib/gcc/avr/4.3.3/avr5\libgcc.a
LOAD c:/users/mariem/bin/../lib/gcc/avr/4.3.3/../../../../avr/lib/avr5\libc.a
LOAD c:/users/mariem/bin/../lib/gcc/avr/4.3.3/avr5\libgcc.a

.hash
 *(.hash)

.dynsym
 *(.dynsym)

.dynstr
 *(.dynstr)

.gnu.version
 *(.gnu.version)

.gnu.version_d
 *(.gnu.version_d)

.gnu.version_r
 *(.gnu.version_r)

.rel.init
 *(.rel.init)

.rela.init
 *(.rela.init)

.rel.text
 *(.rel.text)
 *(.rel.text.*)
 *(.rel.gnu.linkonce.t*)

.rela.text
 *(.rela.text)
 *(.rela.text.*)
 *(.rela.gnu.linkonce.t*)

.rel.fini
 *(.rel.fini)

.rela.fini
 *(.rela.fini)

.rel.rodata
 *(.rel.rodata)
 *(.rel.rodata.*)
 *(.rel.gnu.linkonce.r*)

.rela.rodata
 *(.rela.rodata)
 *(.rela.rodata.*)
 *(.rela.gnu.linkonce.r*)

.rel.data
 *(.rel.data)
 *(.rel.data.*)
 *(.rel.gnu.linkonce.d*)

.rela.data
 *(.rela.data)
 *(.rela.data.*)
 *(.rela.gnu.linkonce.d*)

.rel.ctors
 *(.rel.ctors)

.rela.ctors
 *(.rela.ctors)

.rel.dtors
 *(.rel.dtors)

.rela.dtors
 *(.rela.dtors)

.rel.got
 *(.rel.got)

.rela.got
 *(.rela.got)

.rel.bss
 *(.rel.bss)

.rela.bss
 *(.rela.bss)

.rel.plt
 *(.rel.plt)

.rela.plt
 *(.rela.plt)

.text           0x00000000      0xdca
 *(.vectors)
 .vectors       0x00000000       0x54 c:/users/mariem/bin/../lib/gcc/avr/4.3.3/../../../../avr/lib/avr5/crtm32.o
                0x00000000                __vectors
                0x00000000                __vector_default
 *(.vectors)
 *(.progmem.gcc*)
 *(.progmem*)
                0x00000054                . = ALIGN (0x2)
                0x00000054                __trampolines_start = .
 *(.trampolines)
 .trampolines   0x00000054        0x0 linker stubs
 *(.trampolines*)
                0x00000054                __trampolines_end = .
 *(.jumptables)
 *(.jumptables*)
 *(.lowtext)
 *(.lowtext*)
                0x00000054                __ctors_start = .
 *(.ctors)
                0x00000054                __ctors_end = .
                0x00000054                __dtors_start = .
 *(.dtors)
                0x00000054                __dtors_end = .
 SORT(*)(.ctors)
 SORT(*)(.dtors)
 *(.init0)
 .init0         0x00000054        0x0 c:/users/mariem/bin/../lib/gcc/avr/4.3.3/../../../../avr/lib/avr5/crtm32.o
                0x00000054                __init
 *(.init0)
 *(.init1)
 *(.init1)
 *(.init2)
 .init2         0x00000054        0xc c:/users/mariem/bin/../lib/gcc/avr/4.3.3/../../../../avr/lib/avr5/crtm32.o
 *(.init2)
 *(.init3)
 *(.init3)
 *(.init4)
 .init4         0x00000060       0x16 c:/users/mariem/bin/../lib/gcc/avr/4.3.3/avr5\libgcc.a(_copy_data.o)
                0x00000060                __do_copy_data
 *(.init4)
 *(.init5)
 *(.init5)
 *(.init6)
 *(.init6)
 *(.init7)
 *(.init7)
 *(.init8)
 *(.init8)
 *(.init9)
 .init9         0x00000076        0x8 c:/users/mariem/bin/../lib/gcc/avr/4.3.3/../../../../avr/lib/avr5/crtm32.o
 *(.init9)
 *(.text)
 .text          0x0000007e        0x4 c:/users/mariem/bin/../lib/gcc/avr/4.3.3/../../../../avr/lib/avr5/crtm32.o
                0x0000007e                __vector_1
                0x0000007e                __vector_12
                0x0000007e                __bad_interrupt
                0x0000007e                __vector_6
                0x0000007e                __vector_3
                0x0000007e                __vector_11
                0x0000007e                __vector_13
                0x0000007e                __vector_17
                0x0000007e                __vector_19
                0x0000007e                __vector_7
                0x0000007e                __vector_5
                0x0000007e                __vector_4
                0x0000007e                __vector_9
                0x0000007e                __vector_2
                0x0000007e                __vector_15
                0x0000007e                __vector_8
                0x0000007e                __vector_14
                0x0000007e                __vector_10
                0x0000007e                __vector_16
                0x0000007e                __vector_18
                0x0000007e                __vector_20
 .text          0x00000082        0x0 APP\main.o
 .text          0x00000082        0x0 MCAL\DIO\DIO_prog.o
 .text          0x00000082        0x0 MCAL\USART\USART_prog.o
 .text          0x00000082        0x0 c:/users/mariem/bin/../lib/gcc/avr/4.3.3/avr5\libgcc.a(_exit.o)
 .text          0x00000082        0x0 c:/users/mariem/bin/../lib/gcc/avr/4.3.3/avr5\libgcc.a(_copy_data.o)
 .text          0x00000082        0x0 c:/users/mariem/bin/../lib/gcc/avr/4.3.3/../../../../avr/lib/avr5\libc.a(strcmp.o)
                0x00000082                . = ALIGN (0x2)
 *(.text.*)
 .text.main     0x00000082      0x294 APP\main.o
                0x00000082                main
 .text.DIO_enuInit
                0x00000316       0x58 MCAL\DIO\DIO_prog.o
                0x00000316                DIO_enuInit
 .text.enuSetPortDirection
                0x0000036e       0x9a MCAL\DIO\DIO_prog.o
                0x0000036e                enuSetPortDirection
 .text.enuSetPortValue
                0x00000408       0x9a MCAL\DIO\DIO_prog.o
                0x00000408                enuSetPortValue
 .text.enuSetTogPort
                0x000004a2       0xae MCAL\DIO\DIO_prog.o
                0x000004a2                enuSetTogPort
 .text.enuGetPortValue
                0x00000550       0xbe MCAL\DIO\DIO_prog.o
                0x00000550                enuGetPortValue
 .text.enuSetPinDirection
                0x0000060e      0x1d8 MCAL\DIO\DIO_prog.o
                0x0000060e                enuSetPinDirection
 .text.enuSetPinValue
                0x000007e6      0x1d8 MCAL\DIO\DIO_prog.o
                0x000007e6                enuSetPinValue
 .text.enuSetTogPin
                0x000009be      0x11c MCAL\DIO\DIO_prog.o
                0x000009be                enuSetTogPin
 .text.enuGetPinValue
                0x00000ada      0x13c MCAL\DIO\DIO_prog.o
                0x00000ada                enuGetPinValue
 .text.USART_Init
                0x00000c16       0x82 MCAL\USART\USART_prog.o
                0x00000c16                USART_Init
 .text.USART_Transmit
                0x00000c98       0x34 MCAL\USART\USART_prog.o
                0x00000c98                USART_Transmit
 .text.USART_Transmit_String
                0x00000ccc       0x4c MCAL\USART\USART_prog.o
                0x00000ccc                USART_Transmit_String
 .text.USART_Read
                0x00000d18       0x2e MCAL\USART\USART_prog.o
                0x00000d18                USART_Read
 .text.USART_Read_String
                0x00000d46       0x6e MCAL\USART\USART_prog.o
                0x00000d46                USART_Read_String
 .text.libgcc   0x00000db4        0x0 c:/users/mariem/bin/../lib/gcc/avr/4.3.3/avr5\libgcc.a(_exit.o)
 .text.libgcc   0x00000db4        0x0 c:/users/mariem/bin/../lib/gcc/avr/4.3.3/avr5\libgcc.a(_copy_data.o)
 .text.avr-libc
                0x00000db4       0x12 c:/users/mariem/bin/../lib/gcc/avr/4.3.3/../../../../avr/lib/avr5\libc.a(strcmp.o)
                0x00000db4                strcmp
                0x00000dc6                . = ALIGN (0x2)
 *(.fini9)
 .fini9         0x00000dc6        0x0 c:/users/mariem/bin/../lib/gcc/avr/4.3.3/avr5\libgcc.a(_exit.o)
                0x00000dc6                exit
                0x00000dc6                _exit
 *(.fini9)
 *(.fini8)
 *(.fini8)
 *(.fini7)
 *(.fini7)
 *(.fini6)
 *(.fini6)
 *(.fini5)
 *(.fini5)
 *(.fini4)
 *(.fini4)
 *(.fini3)
 *(.fini3)
 *(.fini2)
 *(.fini2)
 *(.fini1)
 *(.fini1)
 *(.fini0)
 .fini0         0x00000dc6        0x4 c:/users/mariem/bin/../lib/gcc/avr/4.3.3/avr5\libgcc.a(_exit.o)
 *(.fini0)
                0x00000dca                _etext = .

.data           0x00800060      0x10e load address 0x00000dca
                0x00800060                PROVIDE (__data_start, .)
 *(.data)
 .data          0x00800060        0x0 c:/users/mariem/bin/../lib/gcc/avr/4.3.3/../../../../avr/lib/avr5/crtm32.o
 .data          0x00800060      0x10e APP\main.o
 .data          0x0080016e        0x0 MCAL\DIO\DIO_prog.o
 .data          0x0080016e        0x0 MCAL\USART\USART_prog.o
 .data          0x0080016e        0x0 c:/users/mariem/bin/../lib/gcc/avr/4.3.3/avr5\libgcc.a(_exit.o)
 .data          0x0080016e        0x0 c:/users/mariem/bin/../lib/gcc/avr/4.3.3/avr5\libgcc.a(_copy_data.o)
 .data          0x0080016e        0x0 c:/users/mariem/bin/../lib/gcc/avr/4.3.3/../../../../avr/lib/avr5\libc.a(strcmp.o)
 *(.data*)
 *(.rodata)
 *(.rodata*)
 *(.gnu.linkonce.d*)
                0x0080016e                . = ALIGN (0x2)
                0x0080016e                _edata = .
                0x0080016e                PROVIDE (__data_end, .)

.bss            0x0080016e        0x0
                0x0080016e                PROVIDE (__bss_start, .)
 *(.bss)
 .bss           0x0080016e        0x0 c:/users/mariem/bin/../lib/gcc/avr/4.3.3/../../../../avr/lib/avr5/crtm32.o
 .bss           0x0080016e        0x0 APP\main.o
 .bss           0x0080016e        0x0 MCAL\DIO\DIO_prog.o
 .bss           0x0080016e        0x0 MCAL\USART\USART_prog.o
 .bss           0x0080016e        0x0 c:/users/mariem/bin/../lib/gcc/avr/4.3.3/avr5\libgcc.a(_exit.o)
 .bss           0x0080016e        0x0 c:/users/mariem/bin/../lib/gcc/avr/4.3.3/avr5\libgcc.a(_copy_data.o)
 .bss           0x0080016e        0x0 c:/users/mariem/bin/../lib/gcc/avr/4.3.3/../../../../avr/lib/avr5\libc.a(strcmp.o)
 *(.bss*)
 *(COMMON)
                0x0080016e                PROVIDE (__bss_end, .)
                0x00000dca                __data_load_start = LOADADDR (.data)
                0x00000ed8                __data_load_end = (__data_load_start + SIZEOF (.data))

.noinit         0x0080016e        0x0
                0x0080016e                PROVIDE (__noinit_start, .)
 *(.noinit*)
                0x0080016e                PROVIDE (__noinit_end, .)
                0x0080016e                _end = .
                0x0080016e                PROVIDE (__heap_start, .)

.eeprom         0x00810000        0x0
 *(.eeprom*)
                0x00810000                __eeprom_end = .

.fuse
 *(.fuse)
 *(.lfuse)
 *(.hfuse)
 *(.efuse)

.lock
 *(.lock*)

.signature
 *(.signature*)

.stab           0x00000000     0x1368
 *(.stab)
 .stab          0x00000000      0x534 APP\main.o
 .stab          0x00000534      0x9f0 MCAL\DIO\DIO_prog.o
                                0xb58 (size before relaxing)
 .stab          0x00000f24      0x444 MCAL\USART\USART_prog.o
                                0x450 (size before relaxing)

.stabstr        0x00000000      0xe82
 *(.stabstr)
 .stabstr       0x00000000      0xe82 APP\main.o

.stab.excl
 *(.stab.excl)

.stab.exclstr
 *(.stab.exclstr)

.stab.index
 *(.stab.index)

.stab.indexstr
 *(.stab.indexstr)

.comment
 *(.comment)

.debug
 *(.debug)

.line
 *(.line)

.debug_srcinfo
 *(.debug_srcinfo)

.debug_sfnames
 *(.debug_sfnames)

.debug_aranges
 *(.debug_aranges)

.debug_pubnames
 *(.debug_pubnames)

.debug_info
 *(.debug_info)
 *(.gnu.linkonce.wi.*)

.debug_abbrev
 *(.debug_abbrev)

.debug_line
 *(.debug_line)

.debug_frame
 *(.debug_frame)

.debug_str
 *(.debug_str)

.debug_loc
 *(.debug_loc)

.debug_macinfo
 *(.debug_macinfo)
OUTPUT(USART.elf elf32-avr)
LOAD linker stubs
